// Jest Snapshot v1, https://goo.gl/fbAQLP

exports[`TextInput Matches snapshot 1`] = `
<DocumentFragment>
  <div
    class="css-1yuj46c-TextInput"
  >
    <label
      class="css-5e23jr-TextInput"
      data-testid="firstnameinput-label"
      for="nameinput"
    >
      First Name: 
    </label>
    <input
      class="css-1a9jkjf-TextInput"
      data-testid="firstnameinput-input"
      id="nameinput"
      name="name"
      type="text"
      value=""
    />
  </div>
</DocumentFragment>
`;
