// Jest Snapshot v1, https://goo.gl/fbAQLP

exports[`App Matches snapshot 1`] = `
<DocumentFragment>
  <div
    class="App css-3vzvwk-App"
  >
    <div
      class="css-1g8q01d-App"
    >
      <header
        class="css-1a7bgku-App"
      >
        <h1>
          Fetch Rewards Project
        </h1>
      </header>
      <div
        class="css-1yuj46c-TextInput"
      >
        <label
          class="css-5e23jr-TextInput"
          data-testid="firstnameinput-label"
          for="nameinput"
        >
          First Name: 
        </label>
        <input
          class="css-1a9jkjf-TextInput"
          data-testid="firstnameinput-input"
          id="nameinput"
          name="name"
          type="text"
          value=""
        />
      </div>
      <div
        class="css-1yuj46c-TextInput"
      >
        <label
          class="css-5e23jr-TextInput"
          data-testid="middlenameinput-label"
          for="nameinput"
        >
          Middle Name: 
        </label>
        <input
          class="css-1a9jkjf-TextInput"
          data-testid="middlenameinput-input"
          id="nameinput"
          name="name"
          type="text"
          value=""
        />
      </div>
      <div
        class="css-1yuj46c-TextInput"
      >
        <label
          class="css-5e23jr-TextInput"
          data-testid="lastnameinput-label"
          for="nameinput"
        >
          Last Name: 
        </label>
        <input
          class="css-1a9jkjf-TextInput"
          data-testid="lastnameinput-input"
          id="nameinput"
          name="name"
          type="text"
          value=""
        />
      </div>
      <div
        class="css-1yuj46c-TextInput"
      >
        <label
          class="css-5e23jr-TextInput"
          data-testid="emailinput-label"
          for="emailinput"
        >
           Email: 
        </label>
        <input
          class="css-1a9jkjf-TextInput"
          data-testid="emailinput-input"
          id="emailinput"
          name="email"
          type="text"
          value=""
        />
      </div>
      <div
        class="css-1yuj46c-TextInput"
      >
        <label
          class="css-5e23jr-TextInput"
          data-testid="passwordinput-label"
          for="passwordinput"
        >
           Password: 
        </label>
        <input
          class="css-1a9jkjf-TextInput"
          data-testid="passwordinput-input"
          id="passwordinput"
          name="password"
          type="text"
          value=""
        />
      </div>
      <div
        class="css-1xfx4av-App"
      >
        <button
          class="css-6lzom5-App"
        >
          Submit
        </button>
      </div>
      <div>
        <h1
          class="css-1a7bgku-App"
        >
          Idle...
        </h1>
      </div>
    </div>
  </div>
</DocumentFragment>
`;
